
> clube-da-matematica@0.1.0 build
> next build

   ▲ Next.js 15.5.15

(node:381159) Warning: Setting the NODE_TLS_REJECT_UNAUTHORIZED environment variable to '0' makes TLS connections and HTTPS requests insecure by disabling certificate verification.
(Use `node --trace-warnings ...` to show where the warning was created)
   Creating an optimized production build ...
write EPIPE

Retrying 1/3...
write EPIPE

Retrying 1/3...
write EPIPE

Retrying 1/3...
write EPIPE

Retrying 1/3...
write EPIPE

Retrying 1/3...
write EPIPE

Retrying 1/3...


Retrying 1/3...

<--- Last few GCs --->

[381159:0x44b871f0]    79860 ms: Mark-Compact (reduce) 2003.5 (2069.5) -> 2003.5 (2069.5) MB, 1102.53 / 0.00 ms  (average mu = 0.100, current mu = 0.000) allocation failure; GC in old space requested


<--- JS stacktrace --->

FATAL ERROR: Ineffective mark-compacts near heap limit Allocation failed - JavaScript heap out of memory
----- Native stack trace -----

 1: 0xb78db3 node::OOMErrorHandler(char const*, v8::OOMDetails const&) [node]
 2: 0xee8300 v8::Utils::ReportOOMFailure(v8::internal::Isolate*, char const*, v8::OOMDetails const&) [node]
 3: 0xee85e7 v8::internal::V8::FatalProcessOutOfMemory(v8::internal::Isolate*, char const*, v8::OOMDetails const&) [node]
 4: 0x10fb205  [node]
 5: 0x10fb794 v8::internal::Heap::RecomputeLimits(v8::internal::GarbageCollector) [node]
 6: 0x1112684 v8::internal::Heap::PerformGarbageCollection(v8::internal::GarbageCollector, v8::internal::GarbageCollectionReason, char const*) [node]
 7: 0x1112e9c v8::internal::Heap::CollectGarbage(v8::internal::AllocationSpace, v8::internal::GarbageCollectionReason, v8::GCCallbackFlags) [node]
 8: 0x1114512 v8::internal::Heap::CollectAllAvailableGarbage(v8::internal::GarbageCollectionReason) [node]
 9: 0x10ea3af v8::internal::HeapAllocator::AllocateRawWithRetryOrFailSlowPath(int, v8::internal::AllocationType, v8::internal::AllocationOrigin, v8::internal::AllocationAlignment) [node]
10: 0x10c69a6 v8::internal::Factory::AllocateRaw(int, v8::internal::AllocationType, v8::internal::AllocationAlignment) [node]
11: 0x10b8304 v8::internal::FactoryBase<v8::internal::Factory>::AllocateRawWithImmortalMap(int, v8::internal::AllocationType, v8::internal::Map, v8::internal::AllocationAlignment) [node]
12: 0x10bb667 v8::internal::FactoryBase<v8::internal::Factory>::NewRawTwoByteString(int, v8::internal::AllocationType) [node]
13: 0x140ce75 v8::internal::String::SlowFlatten(v8::internal::Isolate*, v8::internal::Handle<v8::internal::ConsString>, v8::internal::AllocationType) [node]
14: 0xef727d v8::String::Utf8Length(v8::Isolate*) const [node]
15: 0xc7d182  [node]
16: 0x7f84e3e4d546 
